// Jest Snapshot v1, https://goo.gl/fbAQLP

exports[`useCalendar hook tests gives correct days & month 1`] = `

|     SUNDAY |     MONDAY |    TUESDAY |  WEDNESDAY |   THURSDAY |     FRIDAY |   SATURDAY |
| 2018-12-30 | 2018-12-31 | 2019-01-01 | 2019-01-02 | 2019-01-03 | 2019-01-04 | 2019-01-05 |
| 2019-01-06 | 2019-01-07 | 2019-01-08 | 2019-01-09 | 2019-01-10 | 2019-01-11 | 2019-01-12 |
| 2019-01-13 | 2019-01-14 | 2019-01-15 | 2019-01-16 | 2019-01-17 | 2019-01-18 | 2019-01-19 |
| 2019-01-20 | 2019-01-21 | 2019-01-22 | 2019-01-23 | 2019-01-24 | 2019-01-25 | 2019-01-26 |
| 2019-01-27 | 2019-01-28 | 2019-01-29 | 2019-01-30 | 2019-01-31 | 2019-02-01 | 2019-02-02 |
| 2019-02-03 | 2019-02-04 | 2019-02-05 | 2019-02-06 | 2019-02-07 | 2019-02-08 | 2019-02-09 |
`;

exports[`useCalendar hook tests setMonth works: Apr 2019 1`] = `

|     SUNDAY |     MONDAY |    TUESDAY |  WEDNESDAY |   THURSDAY |     FRIDAY |   SATURDAY |
| 2019-03-31 | 2019-04-01 | 2019-04-02 | 2019-04-03 | 2019-04-04 | 2019-04-05 | 2019-04-06 |
| 2019-04-07 | 2019-04-08 | 2019-04-09 | 2019-04-10 | 2019-04-11 | 2019-04-12 | 2019-04-13 |
| 2019-04-14 | 2019-04-15 | 2019-04-16 | 2019-04-17 | 2019-04-18 | 2019-04-19 | 2019-04-20 |
| 2019-04-21 | 2019-04-22 | 2019-04-23 | 2019-04-24 | 2019-04-25 | 2019-04-26 | 2019-04-27 |
| 2019-04-28 | 2019-04-29 | 2019-04-30 | 2019-05-01 | 2019-05-02 | 2019-05-03 | 2019-05-04 |
| 2019-05-05 | 2019-05-06 | 2019-05-07 | 2019-05-08 | 2019-05-09 | 2019-05-10 | 2019-05-11 |
`;

exports[`useCalendar hook tests setMonth works: Jan 2019 1`] = `

|     SUNDAY |     MONDAY |    TUESDAY |  WEDNESDAY |   THURSDAY |     FRIDAY |   SATURDAY |
| 2018-12-30 | 2018-12-31 | 2019-01-01 | 2019-01-02 | 2019-01-03 | 2019-01-04 | 2019-01-05 |
| 2019-01-06 | 2019-01-07 | 2019-01-08 | 2019-01-09 | 2019-01-10 | 2019-01-11 | 2019-01-12 |
| 2019-01-13 | 2019-01-14 | 2019-01-15 | 2019-01-16 | 2019-01-17 | 2019-01-18 | 2019-01-19 |
| 2019-01-20 | 2019-01-21 | 2019-01-22 | 2019-01-23 | 2019-01-24 | 2019-01-25 | 2019-01-26 |
| 2019-01-27 | 2019-01-28 | 2019-01-29 | 2019-01-30 | 2019-01-31 | 2019-02-01 | 2019-02-02 |
| 2019-02-03 | 2019-02-04 | 2019-02-05 | 2019-02-06 | 2019-02-07 | 2019-02-08 | 2019-02-09 |
`;
